<?xml version="1.0" encoding="utf-8"?><testsuites><testsuite name="pytest" errors="0" failures="0" skipped="0" tests="4" time="130.748" timestamp="2024-03-08T16:13:36.866275" hostname="Tomas"><testcase classname="tests.model.test_model.TestModel" name="test_model_fit" time="32.022" /><testcase classname="tests.model.test_model.TestModel" name="test_model_predict" time="31.981" /><testcase classname="tests.model.test_model.TestModel" name="test_model_preprocess_for_serving" time="32.152" /><testcase classname="tests.model.test_model.TestModel" name="test_model_preprocess_for_training" time="32.013" /></testsuite></testsuites>